// Jest Snapshot v1, https://goo.gl/fbAQLP

exports[`renders without crashing 1`] = `
<Styled(Container)>
  <Styled(Content) />
</Styled(Container)>
`;

exports[`renders without crashing mount 1`] = `
<FormScreen
  store={
    Object {
      "clearActions": [Function],
      "dispatch": [Function],
      "getActions": [Function],
      "getState": [Function],
      "replaceReducer": [Function],
      "subscribe": [Function],
    }
  }
>
  <Styled(Container)>
    <Container
      style={
        Object {
          "flex": 1,
          "height": 1334,
        }
      }
    >
      <Component
        style={
          Object {
            "flex": 1,
            "height": 1334,
          }
        }
      >
        <View
          style={
            Object {
              "flex": 1,
              "height": 1334,
            }
          }
        >
          <Styled(Content)>
            <Content
              style={
                Object {
                  "backgroundColor": "transparent",
                  "flex": 1,
                }
              }
            >
              <_class
                automaticallyAdjustContentInsets={false}
                contentContainerStyle={
                  Array [
                    Object {
                      "padding": undefined,
                    },
                    undefined,
                  ]
                }
                enableAutomaticScroll={true}
                enableResetScrollToCoords={true}
                extraHeight={75}
                extraScrollHeight={0}
                keyboardOpeningTime={250}
                keyboardShouldPersistTaps="handled"
                resetScrollToCoords={
                  Object {
                    "x": 0,
                    "y": 0,
                  }
                }
                style={
                  Object {
                    "backgroundColor": "transparent",
                    "flex": 1,
                  }
                }
                viewIsInsideTabBar={false}
              >
                <ScrollView
                  automaticallyAdjustContentInsets={false}
                  contentContainerStyle={
                    Array [
                      Object {
                        "padding": undefined,
                      },
                      undefined,
                    ]
                  }
                  contentInset={
                    Object {
                      "bottom": 0,
                    }
                  }
                  enableAutomaticScroll={true}
                  enableResetScrollToCoords={true}
                  extraHeight={75}
                  extraScrollHeight={0}
                  getScrollResponder={[Function]}
                  handleOnScroll={[Function]}
                  keyboardDismissMode="interactive"
                  keyboardOpeningTime={250}
                  keyboardShouldPersistTaps="handled"
                  keyboardSpace={0}
                  onScroll={[Function]}
                  resetKeyboardSpace={[Function]}
                  resetScrollToCoords={
                    Object {
                      "x": 0,
                      "y": 0,
                    }
                  }
                  scrollEventThrottle={1}
                  scrollForExtraHeightOnAndroid={[Function]}
                  scrollToEnd={[Function]}
                  scrollToFocusedInput={[Function]}
                  scrollToPosition={[Function]}
                  showsVerticalScrollIndicator={true}
                  style={
                    Object {
                      "backgroundColor": "transparent",
                      "flex": 1,
                    }
                  }
                  viewIsInsideTabBar={false}
                >
                  <_class
                    automaticallyAdjustContentInsets={false}
                    contentContainerStyle={
                      Array [
                        Object {
                          "padding": undefined,
                        },
                        undefined,
                      ]
                    }
                    contentInset={
                      Object {
                        "bottom": 0,
                      }
                    }
                    enableAutomaticScroll={true}
                    enableResetScrollToCoords={true}
                    extraHeight={75}
                    extraScrollHeight={0}
                    getScrollResponder={[Function]}
                    handleOnScroll={[Function]}
                    keyboardDismissMode="interactive"
                    keyboardOpeningTime={250}
                    keyboardShouldPersistTaps="handled"
                    keyboardSpace={0}
                    onScroll={[Function]}
                    resetKeyboardSpace={[Function]}
                    resetScrollToCoords={
                      Object {
                        "x": 0,
                        "y": 0,
                      }
                    }
                    scrollEventThrottle={1}
                    scrollForExtraHeightOnAndroid={[Function]}
                    scrollToEnd={[Function]}
                    scrollToFocusedInput={[Function]}
                    scrollToPosition={[Function]}
                    showsVerticalScrollIndicator={true}
                    style={
                      Object {
                        "backgroundColor": "transparent",
                        "flex": 1,
                      }
                    }
                    viewIsInsideTabBar={false}
                  >
                    <RCTScrollView
                      automaticallyAdjustContentInsets={false}
                      contentContainerStyle={
                        Array [
                          Object {
                            "padding": undefined,
                          },
                          undefined,
                        ]
                      }
                      contentInset={
                        Object {
                          "bottom": 0,
                        }
                      }
                      enableAutomaticScroll={true}
                      enableResetScrollToCoords={true}
                      extraHeight={75}
                      extraScrollHeight={0}
                      getScrollResponder={[Function]}
                      handleOnScroll={[Function]}
                      keyboardDismissMode="interactive"
                      keyboardOpeningTime={250}
                      keyboardShouldPersistTaps="handled"
                      keyboardSpace={0}
                      onScroll={[Function]}
                      resetKeyboardSpace={[Function]}
                      resetScrollToCoords={
                        Object {
                          "x": 0,
                          "y": 0,
                        }
                      }
                      scrollEventThrottle={1}
                      scrollForExtraHeightOnAndroid={[Function]}
                      scrollToEnd={[Function]}
                      scrollToFocusedInput={[Function]}
                      scrollToPosition={[Function]}
                      showsVerticalScrollIndicator={true}
                      style={
                        Object {
                          "backgroundColor": "transparent",
                          "flex": 1,
                        }
                      }
                      viewIsInsideTabBar={false}
                    >
                      <Component>
                        <View />
                      </Component>
                    </RCTScrollView>
                  </_class>
                </ScrollView>
              </_class>
            </Content>
          </Styled(Content)>
        </View>
      </Component>
    </Container>
  </Styled(Container)>
</FormScreen>
`;

exports[`test load form function 1`] = `
Object {
  "Fetch": [Function],
  "FromJSON": [Function],
  "Render": [Function],
  "Reset": [Function],
}
`;
