// Jest Snapshot v1, https://goo.gl/fbAQLP

exports[`renders with prevRout 1`] = `
<Styled(Button)
  onPress={[Function]}
  style={
    Object {
      "height": "100%",
    }
  }
  transparent={true}
>
  <Styled(Icon)
    name="arrow-back"
    style={
      Object {
        "color": "#007aff",
      }
    }
  />
  <Styled(Text) />
</Styled(Button)>
`;

exports[`renders without crashing 1`] = `
<Styled(Button)
  onPress={[Function]}
  style={
    Object {
      "height": "100%",
    }
  }
  transparent={true}
>
  <Styled(Icon)
    name="arrow-back"
    style={
      Object {
        "color": "#007aff",
      }
    }
  />
  <Styled(Text) />
</Styled(Button)>
`;
