// Jest Snapshot v1, https://goo.gl/fbAQLP

exports[`renders without crashing 1`] = `
<Styled(ListItem)
  icon={true}
  onPress={[Function]}
  style={
    Object {
      "backgroundColor": "white",
      "height": "auto",
      "marginLeft": 0,
    }
  }
>
  <Styled(Body)
    style={
      Object {
        "height": "auto",
        "paddingBottom": 8,
        "paddingLeft": 16,
        "paddingTop": 8,
      }
    }
  >
    <Styled(Text)
      numberOfLines={1}
      style={
        Object {
          "marginBottom": 4,
        }
      }
    >
      topTitle
    </Styled(Text)>
    <Styled(ViewNB)
      style={
        Object {
          "alignItems": "center",
          "flexDirection": "row",
        }
      }
    >
      <Styled(ViewNB)
        style={
          Object {
            "backgroundColor": "red",
            "borderRadius": 50,
            "height": 14,
            "marginRight": 8,
            "width": 14,
          }
        }
      />
      <Styled(Text)
        numberOfLines={1}
        style={
          Object {
            "color": "#ababab",
            "fontSize": 13,
          }
        }
      >
        10
        /
        50
         Forms Completed
      </Styled(Text)>
    </Styled(ViewNB)>
  </Styled(Body)>
  <Styled(Right)
    style={
      Object {
        "height": "auto",
        "paddingBottom": 8,
        "paddingTop": 8,
      }
    }
  >
    <Styled(Icon)
      name="arrow-forward"
    />
  </Styled(Right)>
</Styled(ListItem)>
`;
