// Jest Snapshot v1, https://goo.gl/fbAQLP

exports[`renders without crashing 1`] = `
<GridNB>
  <ColumnNB />
  <Component
    style={
      Object {
        "backgroundColor": "#d5d5d5",
        "height": 120,
        "left": "50%",
        "position": "absolute",
        "width": 2,
      }
    }
  />
  <ColumnNB
    style={
      Object {
        "marginLeft": 40,
      }
    }
  >
    <Styled(Text)
      numberOfLines={1}
      style={
        Object {
          "lineHeight": 25,
        }
      }
    >
      Reference:
    </Styled(Text)>
    <Styled(Text)
      numberOfLines={1}
      style={
        Object {
          "lineHeight": 25,
        }
      }
    >
      Mobile:
    </Styled(Text)>
    <Styled(Text)
      numberOfLines={1}
      style={
        Object {
          "lineHeight": 25,
        }
      }
    >
      Landline:
    </Styled(Text)>
    <Styled(Text)
      numberOfLines={1}
      style={
        Object {
          "lineHeight": 25,
        }
      }
    >
      Email:
    </Styled(Text)>
  </ColumnNB>
</GridNB>
`;
