// Jest Snapshot v1, https://goo.gl/fbAQLP

exports[`renders without crashing 1`] = `
<Component>
  <Component>
    <Connect(RegDynamicSize)
      name="SEGMENT"
    >
      <Styled(H3)
        allowFontScaling={false}
        numberOfLines={1}
        style={
          Object {
            "marginBottom": 15,
            "marginTop": 20,
          }
        }
      >
        undefined undefined, undefined
      </Styled(H3)>
      <Styled(Segment)
        style={
          Object {
            "height": "auto",
          }
        }
      >
        <Styled(Button)
          active={true}
          first={true}
          full={true}
          onPress={[Function]}
          style={
            Object {
              "width": "50%",
            }
          }
        >
          <Styled(Text)
            allowFontScaling={false}
          >
            Details
          </Styled(Text)>
        </Styled(Button)>
        <Styled(Button)
          active={false}
          full={true}
          last={true}
          onPress={[Function]}
          style={
            Object {
              "width": "50%",
            }
          }
        >
          <Styled(Text)
            allowFontScaling={false}
          >
            Forms
          </Styled(Text)>
        </Styled(Button)>
      </Styled(Segment)>
      <Component
        style={
          Object {
            "backgroundColor": "#e7e7e7",
            "height": 1,
            "marginBottom": 10,
            "marginTop": 10,
            "width": "100%",
          }
        }
      />
    </Connect(RegDynamicSize)>
  </Component>
  <Component
    style={
      Object {
        "display": "flex",
      }
    }
  >
    <Connect(Details) />
  </Component>
  <Component
    style={
      Object {
        "display": "none",
      }
    }
  >
    <Connect(FormList) />
  </Component>
</Component>
`;
