// Jest Snapshot v1, https://goo.gl/fbAQLP

exports[`renders without crashing 1`] = `
<Styled(ListItem)
  icon={true}
>
  <Styled(Left)>
    <Component
      style={
        Object {
          "backgroundColor": "red",
          "borderRadius": 20,
          "height": 15,
          "width": 15,
        }
      }
    />
  </Styled(Left)>
  <Styled(Body) />
  <Styled(Right)>
    <Styled(Icon)
      name="arrow-forward"
    />
  </Styled(Right)>
</Styled(ListItem)>
`;
